// Jest Snapshot v1, https://goo.gl/fbAQLP

exports[`Button Tests Search should match the snapshot 1`] = `
ShallowWrapper {
  "length": 1,
  Symbol(enzyme.__root__): [Circular],
  Symbol(enzyme.__unrendered__): <Button
    currentDisplay="People"
    selectData={[Function]}
    type="category button"
    value="People"
/>,
  Symbol(enzyme.__renderer__): Object {
    "batchedUpdates": [Function],
    "getNode": [Function],
    "render": [Function],
    "simulateEvent": [Function],
    "unmount": [Function],
  },
  Symbol(enzyme.__node__): Object {
    "instance": null,
    "key": undefined,
    "nodeType": "host",
    "props": Object {
      "children": Array [
        "People",
        " ",
        <div
          className="category-button-image-people"
/>,
      ],
      "className": "category button",
      "onClick": [Function],
    },
    "ref": null,
    "rendered": Array [
      "People",
      " ",
      Object {
        "instance": null,
        "key": undefined,
        "nodeType": "host",
        "props": Object {
          "className": "category-button-image-people",
        },
        "ref": null,
        "rendered": null,
        "type": "div",
      },
    ],
    "type": "button",
  },
  Symbol(enzyme.__nodes__): Array [
    Object {
      "instance": null,
      "key": undefined,
      "nodeType": "host",
      "props": Object {
        "children": Array [
          "People",
          " ",
          <div
            className="category-button-image-people"
/>,
        ],
        "className": "category button",
        "onClick": [Function],
      },
      "ref": null,
      "rendered": Array [
        "People",
        " ",
        Object {
          "instance": null,
          "key": undefined,
          "nodeType": "host",
          "props": Object {
            "className": "category-button-image-people",
          },
          "ref": null,
          "rendered": null,
          "type": "div",
        },
      ],
      "type": "button",
    },
  ],
  Symbol(enzyme.__options__): Object {
    "adapter": ReactSixteenAdapter {
      "options": Object {
        "enableComponentDidUpdateOnSetState": true,
      },
    },
  },
}
`;
