// Jest Snapshot v1, https://goo.gl/fbAQLP

exports[`CardContainer Tests Should match the snapshot 1`] = `
ShallowWrapper {
  "length": 1,
  Symbol(enzyme.__root__): [Circular],
  Symbol(enzyme.__unrendered__): <CardContainer
    category={Array []}
    currentDisplay={null}
    currentFavorites={Array []}
    removeFavorite={[Function]}
    saveFavorite={[Function]}
/>,
  Symbol(enzyme.__renderer__): Object {
    "batchedUpdates": [Function],
    "getNode": [Function],
    "render": [Function],
    "simulateEvent": [Function],
    "unmount": [Function],
  },
  Symbol(enzyme.__node__): Object {
    "instance": null,
    "key": undefined,
    "nodeType": "host",
    "props": Object {
      "children": <span
        className="placeholder"
>
        Select a category
</span>,
      "className": "card-container",
    },
    "ref": null,
    "rendered": Object {
      "instance": null,
      "key": undefined,
      "nodeType": "host",
      "props": Object {
        "children": "Select a category",
        "className": "placeholder",
      },
      "ref": null,
      "rendered": "Select a category",
      "type": "span",
    },
    "type": "div",
  },
  Symbol(enzyme.__nodes__): Array [
    Object {
      "instance": null,
      "key": undefined,
      "nodeType": "host",
      "props": Object {
        "children": <span
          className="placeholder"
>
          Select a category
</span>,
        "className": "card-container",
      },
      "ref": null,
      "rendered": Object {
        "instance": null,
        "key": undefined,
        "nodeType": "host",
        "props": Object {
          "children": "Select a category",
          "className": "placeholder",
        },
        "ref": null,
        "rendered": "Select a category",
        "type": "span",
      },
      "type": "div",
    },
  ],
  Symbol(enzyme.__options__): Object {
    "adapter": ReactSixteenAdapter {
      "options": Object {
        "enableComponentDidUpdateOnSetState": true,
      },
    },
  },
}
`;
