// Jest Snapshot v1, https://goo.gl/fbAQLP

exports[`Card Tests Should match the snapshot 1`] = `
ShallowWrapper {
  "length": 1,
  Symbol(enzyme.__root__): [Circular],
  Symbol(enzyme.__unrendered__): <Card
    currentFavorites={Array []}
    displayData={
        Object {
            "list": Object {
              "Homeworld": "Tatooine",
              "Language": "Intergalactic Basic",
              "Population": "20000000",
              "Species": "Human",
            },
            "name": "Luke Skywalker",
          }
    }
    removeFavorite={[Function]}
    saveFavorite={[Function]}
/>,
  Symbol(enzyme.__renderer__): Object {
    "batchedUpdates": [Function],
    "getNode": [Function],
    "render": [Function],
    "simulateEvent": [Function],
    "unmount": [Function],
  },
  Symbol(enzyme.__node__): Object {
    "instance": null,
    "key": undefined,
    "nodeType": "host",
    "props": Object {
      "children": Array [
        <div
          className="card-header"
>
          <span
                    className="card-title"
          >
                    Luke Skywalker
          </span>
          <div
                    className="button-container"
          >
                    <button
                              className="mark-favorite"
                              onClick={[Function]}
                    />
          </div>
</div>,
        <ul
          className="card-info"
>
          <li
                    className="card-data-set"
          >
                    <span
                              className="data-key"
                    >
                              Homeworld
                    </span>
                    :
                     
                    Tatooine
          </li>
          <li
                    className="card-data-set"
          >
                    <span
                              className="data-key"
                    >
                              Species
                    </span>
                    :
                     
                    Human
          </li>
          <li
                    className="card-data-set"
          >
                    <span
                              className="data-key"
                    >
                              Language
                    </span>
                    :
                     
                    Intergalactic Basic
          </li>
          <li
                    className="card-data-set"
          >
                    <span
                              className="data-key"
                    >
                              Population
                    </span>
                    :
                     
                    20000000
          </li>
</ul>,
      ],
      "className": "Card",
    },
    "ref": null,
    "rendered": Array [
      Object {
        "instance": null,
        "key": undefined,
        "nodeType": "host",
        "props": Object {
          "children": Array [
            <span
              className="card-title"
>
              Luke Skywalker
</span>,
            <div
              className="button-container"
>
              <button
                            className="mark-favorite"
                            onClick={[Function]}
              />
</div>,
          ],
          "className": "card-header",
        },
        "ref": null,
        "rendered": Array [
          Object {
            "instance": null,
            "key": undefined,
            "nodeType": "host",
            "props": Object {
              "children": "Luke Skywalker",
              "className": "card-title",
            },
            "ref": null,
            "rendered": "Luke Skywalker",
            "type": "span",
          },
          Object {
            "instance": null,
            "key": undefined,
            "nodeType": "host",
            "props": Object {
              "children": <button
                className="mark-favorite"
                onClick={[Function]}
/>,
              "className": "button-container",
            },
            "ref": null,
            "rendered": Object {
              "instance": null,
              "key": undefined,
              "nodeType": "host",
              "props": Object {
                "className": "mark-favorite",
                "onClick": [Function],
              },
              "ref": null,
              "rendered": null,
              "type": "button",
            },
            "type": "div",
          },
        ],
        "type": "div",
      },
      Object {
        "instance": null,
        "key": undefined,
        "nodeType": "host",
        "props": Object {
          "children": Array [
            <li
              className="card-data-set"
>
              <span
                            className="data-key"
              >
                            Homeworld
              </span>
              :
               
              Tatooine
</li>,
            <li
              className="card-data-set"
>
              <span
                            className="data-key"
              >
                            Species
              </span>
              :
               
              Human
</li>,
            <li
              className="card-data-set"
>
              <span
                            className="data-key"
              >
                            Language
              </span>
              :
               
              Intergalactic Basic
</li>,
            <li
              className="card-data-set"
>
              <span
                            className="data-key"
              >
                            Population
              </span>
              :
               
              20000000
</li>,
          ],
          "className": "card-info",
        },
        "ref": null,
        "rendered": Array [
          Object {
            "instance": null,
            "key": "Homeworld",
            "nodeType": "host",
            "props": Object {
              "children": Array [
                <span
                  className="data-key"
>
                  Homeworld
</span>,
                ":",
                " ",
                "Tatooine",
              ],
              "className": "card-data-set",
            },
            "ref": null,
            "rendered": Array [
              Object {
                "instance": null,
                "key": undefined,
                "nodeType": "host",
                "props": Object {
                  "children": "Homeworld",
                  "className": "data-key",
                },
                "ref": null,
                "rendered": "Homeworld",
                "type": "span",
              },
              ":",
              " ",
              "Tatooine",
            ],
            "type": "li",
          },
          Object {
            "instance": null,
            "key": "Species",
            "nodeType": "host",
            "props": Object {
              "children": Array [
                <span
                  className="data-key"
>
                  Species
</span>,
                ":",
                " ",
                "Human",
              ],
              "className": "card-data-set",
            },
            "ref": null,
            "rendered": Array [
              Object {
                "instance": null,
                "key": undefined,
                "nodeType": "host",
                "props": Object {
                  "children": "Species",
                  "className": "data-key",
                },
                "ref": null,
                "rendered": "Species",
                "type": "span",
              },
              ":",
              " ",
              "Human",
            ],
            "type": "li",
          },
          Object {
            "instance": null,
            "key": "Language",
            "nodeType": "host",
            "props": Object {
              "children": Array [
                <span
                  className="data-key"
>
                  Language
</span>,
                ":",
                " ",
                "Intergalactic Basic",
              ],
              "className": "card-data-set",
            },
            "ref": null,
            "rendered": Array [
              Object {
                "instance": null,
                "key": undefined,
                "nodeType": "host",
                "props": Object {
                  "children": "Language",
                  "className": "data-key",
                },
                "ref": null,
                "rendered": "Language",
                "type": "span",
              },
              ":",
              " ",
              "Intergalactic Basic",
            ],
            "type": "li",
          },
          Object {
            "instance": null,
            "key": "Population",
            "nodeType": "host",
            "props": Object {
              "children": Array [
                <span
                  className="data-key"
>
                  Population
</span>,
                ":",
                " ",
                "20000000",
              ],
              "className": "card-data-set",
            },
            "ref": null,
            "rendered": Array [
              Object {
                "instance": null,
                "key": undefined,
                "nodeType": "host",
                "props": Object {
                  "children": "Population",
                  "className": "data-key",
                },
                "ref": null,
                "rendered": "Population",
                "type": "span",
              },
              ":",
              " ",
              "20000000",
            ],
            "type": "li",
          },
        ],
        "type": "ul",
      },
    ],
    "type": "div",
  },
  Symbol(enzyme.__nodes__): Array [
    Object {
      "instance": null,
      "key": undefined,
      "nodeType": "host",
      "props": Object {
        "children": Array [
          <div
            className="card-header"
>
            <span
                        className="card-title"
            >
                        Luke Skywalker
            </span>
            <div
                        className="button-container"
            >
                        <button
                                    className="mark-favorite"
                                    onClick={[Function]}
                        />
            </div>
</div>,
          <ul
            className="card-info"
>
            <li
                        className="card-data-set"
            >
                        <span
                                    className="data-key"
                        >
                                    Homeworld
                        </span>
                        :
                         
                        Tatooine
            </li>
            <li
                        className="card-data-set"
            >
                        <span
                                    className="data-key"
                        >
                                    Species
                        </span>
                        :
                         
                        Human
            </li>
            <li
                        className="card-data-set"
            >
                        <span
                                    className="data-key"
                        >
                                    Language
                        </span>
                        :
                         
                        Intergalactic Basic
            </li>
            <li
                        className="card-data-set"
            >
                        <span
                                    className="data-key"
                        >
                                    Population
                        </span>
                        :
                         
                        20000000
            </li>
</ul>,
        ],
        "className": "Card",
      },
      "ref": null,
      "rendered": Array [
        Object {
          "instance": null,
          "key": undefined,
          "nodeType": "host",
          "props": Object {
            "children": Array [
              <span
                className="card-title"
>
                Luke Skywalker
</span>,
              <div
                className="button-container"
>
                <button
                                className="mark-favorite"
                                onClick={[Function]}
                />
</div>,
            ],
            "className": "card-header",
          },
          "ref": null,
          "rendered": Array [
            Object {
              "instance": null,
              "key": undefined,
              "nodeType": "host",
              "props": Object {
                "children": "Luke Skywalker",
                "className": "card-title",
              },
              "ref": null,
              "rendered": "Luke Skywalker",
              "type": "span",
            },
            Object {
              "instance": null,
              "key": undefined,
              "nodeType": "host",
              "props": Object {
                "children": <button
                  className="mark-favorite"
                  onClick={[Function]}
/>,
                "className": "button-container",
              },
              "ref": null,
              "rendered": Object {
                "instance": null,
                "key": undefined,
                "nodeType": "host",
                "props": Object {
                  "className": "mark-favorite",
                  "onClick": [Function],
                },
                "ref": null,
                "rendered": null,
                "type": "button",
              },
              "type": "div",
            },
          ],
          "type": "div",
        },
        Object {
          "instance": null,
          "key": undefined,
          "nodeType": "host",
          "props": Object {
            "children": Array [
              <li
                className="card-data-set"
>
                <span
                                className="data-key"
                >
                                Homeworld
                </span>
                :
                 
                Tatooine
</li>,
              <li
                className="card-data-set"
>
                <span
                                className="data-key"
                >
                                Species
                </span>
                :
                 
                Human
</li>,
              <li
                className="card-data-set"
>
                <span
                                className="data-key"
                >
                                Language
                </span>
                :
                 
                Intergalactic Basic
</li>,
              <li
                className="card-data-set"
>
                <span
                                className="data-key"
                >
                                Population
                </span>
                :
                 
                20000000
</li>,
            ],
            "className": "card-info",
          },
          "ref": null,
          "rendered": Array [
            Object {
              "instance": null,
              "key": "Homeworld",
              "nodeType": "host",
              "props": Object {
                "children": Array [
                  <span
                    className="data-key"
>
                    Homeworld
</span>,
                  ":",
                  " ",
                  "Tatooine",
                ],
                "className": "card-data-set",
              },
              "ref": null,
              "rendered": Array [
                Object {
                  "instance": null,
                  "key": undefined,
                  "nodeType": "host",
                  "props": Object {
                    "children": "Homeworld",
                    "className": "data-key",
                  },
                  "ref": null,
                  "rendered": "Homeworld",
                  "type": "span",
                },
                ":",
                " ",
                "Tatooine",
              ],
              "type": "li",
            },
            Object {
              "instance": null,
              "key": "Species",
              "nodeType": "host",
              "props": Object {
                "children": Array [
                  <span
                    className="data-key"
>
                    Species
</span>,
                  ":",
                  " ",
                  "Human",
                ],
                "className": "card-data-set",
              },
              "ref": null,
              "rendered": Array [
                Object {
                  "instance": null,
                  "key": undefined,
                  "nodeType": "host",
                  "props": Object {
                    "children": "Species",
                    "className": "data-key",
                  },
                  "ref": null,
                  "rendered": "Species",
                  "type": "span",
                },
                ":",
                " ",
                "Human",
              ],
              "type": "li",
            },
            Object {
              "instance": null,
              "key": "Language",
              "nodeType": "host",
              "props": Object {
                "children": Array [
                  <span
                    className="data-key"
>
                    Language
</span>,
                  ":",
                  " ",
                  "Intergalactic Basic",
                ],
                "className": "card-data-set",
              },
              "ref": null,
              "rendered": Array [
                Object {
                  "instance": null,
                  "key": undefined,
                  "nodeType": "host",
                  "props": Object {
                    "children": "Language",
                    "className": "data-key",
                  },
                  "ref": null,
                  "rendered": "Language",
                  "type": "span",
                },
                ":",
                " ",
                "Intergalactic Basic",
              ],
              "type": "li",
            },
            Object {
              "instance": null,
              "key": "Population",
              "nodeType": "host",
              "props": Object {
                "children": Array [
                  <span
                    className="data-key"
>
                    Population
</span>,
                  ":",
                  " ",
                  "20000000",
                ],
                "className": "card-data-set",
              },
              "ref": null,
              "rendered": Array [
                Object {
                  "instance": null,
                  "key": undefined,
                  "nodeType": "host",
                  "props": Object {
                    "children": "Population",
                    "className": "data-key",
                  },
                  "ref": null,
                  "rendered": "Population",
                  "type": "span",
                },
                ":",
                " ",
                "20000000",
              ],
              "type": "li",
            },
          ],
          "type": "ul",
        },
      ],
      "type": "div",
    },
  ],
  Symbol(enzyme.__options__): Object {
    "adapter": ReactSixteenAdapter {
      "options": Object {
        "enableComponentDidUpdateOnSetState": true,
      },
    },
  },
}
`;
